snapshot:
  areaM2: 1.87
  azimuthDegrees:
  - 180
  - 0
  dailyLoadProfileKwh:
  - 0.24
  - 0.235
  - 0.188
  - 0.119
  - 0.112
  - 0.111
  - 0.11
  - 0.11
  - 0.112
  - 0.128
  - 0.163
  - 0.164
  - 0.159
  - 0.169
  - 0.173
  - 0.184
  - 0.185
  - 0.176
  - 0.185
  - 0.201
  - 0.227
  - 0.297
  - 0.27
  - 0.242
  dailyProductionProfileKwh:
  - 0.0
  - 0.0
  - 0.0
  - 0.0
  - 0.0
  - 0.0
  - 0.0
  - 0.0
  - 0.0
  - 0.8733649097729941
  - 2.132785749209078
  - 3.2393951214401646
  - 4.064854211760346
  - 4.643752166543438
  - 4.885962038699223
  - 4.944434738588591
  - 4.108439767189539
  - 3.0657028896604603
  - 1.6406848235229639
  - 0.13573439695206235
  - 0.0
  - 0.0
  - 0.0
  - 0.0
  installationCostEuro: 14805.56000075138
  loadByPeriodKwh:
    p1: 803.794
    p2: 755.707
    p3: 1217.922
  loadFromGridKwhYear: 1767.1732233402788
  loadKwhYear: 2777.4230000000002
  monthlyGridToLoadEuro:
  - 11.080136761780516
  - 29.40518102012361
  - 20.191962413173442
  - 16.23922766851279
  - 16.167694961757103
  - 17.910944866569196
  - 45.81946512595227
  - 74.44997846251641
  - 35.14572315012829
  - 39.3895814623328
  - 11.595935140003064
  - 8.566493530130417
  monthlyGridToLoadKwh:
  - 67.97920076841423
  - 159.3047246307399
  - 120.84030428910847
  - 94.11315845210174
  - 90.13137506323461
  - 94.62390425853012
  - 242.5914725692878
  - 384.5171140786312
  - 179.62961105717434
  - 211.09217999999998
  - 67.95978817305632
  - 54.390390000000004
  monthlyProductionKwh:
  - 616.297262268894
  - 590.6737228449059
  - 1055.7946846453792
  - 1190.4487337113574
  - 1672.2073670878708
  - 1654.0027464972707
  - 1748.1967545297591
  - 1487.7581125404574
  - 1101.4829258722555
  - 802.8242697776199
  - 482.3135087430419
  - 461.53068512953615
  monthlyProductionToGridEuro:
  - 11.020658048788375
  - 29.40518102012361
  - 20.191962413173442
  - 16.23922766851279
  - 16.167694961757103
  - 17.910944866569196
  - 35.65454142736813
  - 42.69536102645215
  - 35.14572315012829
  - 39.3895814623328
  - 11.595935140003064
  - 8.566493530130417
  monthlyProductionToGridKwh:
  - 1553.098927265685
  - 1546.0254791604991
  - 1376.271416829566
  - 1016.8770843243573
  - 742.4826548408545
  - 435.254413001572
  - 424.74715769882397
  - 508.6233763475252
  - 526.9913339020803
  - 977.5178546453793
  - 1136.6595218844138
  - 1608.7317770878708
  monthlyProductionToLoadEuro:
  - 23.461164833005
  - 45.46856382646901
  - 23.478560746400692
  - 19.530509664215685
  - 13.386464182714592
  - 10.371637877762762
  - 8.253149178286316
  - 20.009802958266604
  - 13.208858794579918
  - 17.8974073562142
  - 12.69308663913296
  - 14.316740762741833
  monthlyProductionToLoadKwh:
  - 101.23711923158577
  - 202.5156853692601
  - 111.85029571089153
  - 84.99974154789825
  - 60.798134936765386
  - 47.52571574146988
  - 37.3117574307122
  - 108.1748459213688
  - 64.09951894282565
  - 78.698
  - 54.15483182694367
  - 63.82
  nModules: 28.0
  paybackYears: 20.54521623587875
  productionKwhYear: 12863.530773648346
  productionToGridEuroYear: 283.9833047153394
  productionToGridKwhYear: 11853.280996988628
  productionToGridPercent: 92.10803266596614
  productionToLoadEuroYear: 222.07594681978958
  productionToLoadKwhYear: 1015.1856466597212
  productionToLoadPercent: 7.891967334033866
  savingsEuroYear: 505.2692606181667
  tiltDegrees: 30.0
  totalPower: 10.640 kWp
